// Jest Snapshot v1, https://goo.gl/fbAQLP

exports[`App component renders App 1`] = `
<DocumentFragment>
  <div
    class="dark"
  >
    <h1>
      Arnold Api
    </h1>
    <a
      href="/characters"
    >
      List of all the characters
    </a>
    <br />
    <a
      href="/"
    >
      Home
    </a>
    <input
      type="checkbox"
    />
  </div>
</DocumentFragment>
`;
